[dataset] loading ogbn-arxiv
[run] ogbn-arxiv seed=42 ratio=0.0050
[done] ogbn-arxiv ratio=0.0050 acc=0.42931506037712097 f1=0.2955814555287361 nodes=683
[run] ogbn-arxiv seed=42 ratio=0.0100
[done] ogbn-arxiv ratio=0.0100 acc=0.40507787466049194 f1=0.28314889832399787 nodes=1365
[run] ogbn-arxiv seed=42 ratio=0.0150
[done] ogbn-arxiv ratio=0.0150 acc=0.40032508969306946 f1=0.2658639374189079 nodes=2046
[run] ogbn-arxiv seed=42 ratio=0.0200
[done] ogbn-arxiv ratio=0.0200 acc=0.4020945131778717 f1=0.2695910325739533 nodes=2729
[run] ogbn-arxiv seed=42 ratio=0.0250
[done] ogbn-arxiv ratio=0.0250 acc=0.3997489809989929 f1=0.2615161027293652 nodes=3412
[run] ogbn-arxiv seed=42 ratio=0.0300
[done] ogbn-arxiv ratio=0.0300 acc=0.386766254901886 f1=0.26442691865377127 nodes=4092
[run] ogbn-arxiv seed=42 ratio=0.0350
[done] ogbn-arxiv ratio=0.0350 acc=0.3860255479812622 f1=0.255353250564076 nodes=4770
[run] ogbn-arxiv seed=42 ratio=0.0400
[done] ogbn-arxiv ratio=0.0400 acc=0.3976297676563263 f1=0.2630734008038417 nodes=5457
[run] ogbn-arxiv seed=42 ratio=0.0450
[done] ogbn-arxiv ratio=0.0450 acc=0.3799765408039093 f1=0.2579375554807484 nodes=6132
[run] ogbn-arxiv seed=42 ratio=0.0500
[done] ogbn-arxiv ratio=0.0500 acc=0.40032508969306946 f1=0.2638294787378982 nodes=6816
[run] ogbn-arxiv seed=42 ratio=0.0550
[done] ogbn-arxiv ratio=0.0550 acc=0.4013538360595703 f1=0.25969743593595923 nodes=7494
[run] ogbn-arxiv seed=42 ratio=0.0600
[done] ogbn-arxiv ratio=0.0600 acc=0.3916424810886383 f1=0.25749494023621083 nodes=8177
[run] ogbn-arxiv seed=42 ratio=0.0650
[done] ogbn-arxiv ratio=0.0650 acc=0.40911054611206055 f1=0.26437612804584204 nodes=8849
[run] ogbn-arxiv seed=42 ratio=0.0700
[done] ogbn-arxiv ratio=0.0700 acc=0.41236138343811035 f1=0.26950410057324914 nodes=9543
[run] ogbn-arxiv seed=42 ratio=0.0750
[done] ogbn-arxiv ratio=0.0750 acc=0.4064975380897522 f1=0.26214292137883605 nodes=10205
[run] ogbn-arxiv seed=42 ratio=0.0800
[done] ogbn-arxiv ratio=0.0800 acc=0.41801947355270386 f1=0.2690262251533568 nodes=10896
[run] ogbn-arxiv seed=42 ratio=0.0850
[done] ogbn-arxiv ratio=0.0850 acc=0.42116740345954895 f1=0.27419111526105555 nodes=11566
[run] ogbn-arxiv seed=42 ratio=0.0900
[done] ogbn-arxiv ratio=0.0900 acc=0.4290475845336914 f1=0.28579283903818575 nodes=12246
[run] ogbn-arxiv seed=42 ratio=0.0950
[done] ogbn-arxiv ratio=0.0950 acc=0.4414336681365967 f1=0.2846744780195877 nodes=12912
[run] ogbn-arxiv seed=42 ratio=0.1000
[done] ogbn-arxiv ratio=0.1000 acc=0.4355286657810211 f1=0.28530228792224077 nodes=13569
[run] ogbn-arxiv seed=42 ratio=0.1050
[done] ogbn-arxiv ratio=0.1050 acc=0.44567206501960754 f1=0.2916109571233392 nodes=14247
[run] ogbn-arxiv seed=42 ratio=0.1100
[done] ogbn-arxiv ratio=0.1100 acc=0.4450753927230835 f1=0.29176984550431373 nodes=14921
[run] ogbn-arxiv seed=42 ratio=0.1150
[done] ogbn-arxiv ratio=0.1150 acc=0.4640865921974182 f1=0.305580121697858 nodes=15581
[run] ogbn-arxiv seed=42 ratio=0.1200
[done] ogbn-arxiv ratio=0.1200 acc=0.4697240889072418 f1=0.31029988727532326 nodes=16251
[dataset] loading ogbn-products
[run] ogbn-products seed=42 ratio=0.0050
[done] ogbn-products ratio=0.0050 acc=0.42951464653015137 f1=0.19284217031375367 nodes=1449
[run] ogbn-products seed=42 ratio=0.0100
[done] ogbn-products ratio=0.0100 acc=0.4252893328666687 f1=0.19464752576908373 nodes=2922
[run] ogbn-products seed=42 ratio=0.0150
[done] ogbn-products ratio=0.0150 acc=0.4425489008426666 f1=0.1967147048661842 nodes=4397
[run] ogbn-products seed=42 ratio=0.0200
[done] ogbn-products ratio=0.0200 acc=0.47438493371009827 f1=0.21623058202973705 nodes=5865
[run] ogbn-products seed=42 ratio=0.0250
[done] ogbn-products ratio=0.0250 acc=0.4870784878730774 f1=0.21512042606705206 nodes=7331
[run] ogbn-products seed=42 ratio=0.0300
[done] ogbn-products ratio=0.0300 acc=0.5006856918334961 f1=0.2204708348305777 nodes=8805
[run] ogbn-products seed=42 ratio=0.0350
[done] ogbn-products ratio=0.0350 acc=0.5112704634666443 f1=0.2273550349822704 nodes=10254
[run] ogbn-products seed=42 ratio=0.0400
[done] ogbn-products ratio=0.0400 acc=0.5248943567276001 f1=0.2339271967289375 nodes=11698
[run] ogbn-products seed=42 ratio=0.0450
[done] ogbn-products ratio=0.0450 acc=0.5337643027305603 f1=0.23745517356400478 nodes=13139
[run] ogbn-products seed=42 ratio=0.0500
[done] ogbn-products ratio=0.0500 acc=0.5389222502708435 f1=0.24095223133670204 nodes=14597
[run] ogbn-products seed=42 ratio=0.0550
[done] ogbn-products ratio=0.0550 acc=0.5447055697441101 f1=0.24277194583431838 nodes=16031
[run] ogbn-products seed=42 ratio=0.0600
[done] ogbn-products ratio=0.0600 acc=0.5476376414299011 f1=0.24345723581203121 nodes=17454
[run] ogbn-products seed=42 ratio=0.0650
[done] ogbn-products ratio=0.0650 acc=0.560410737991333 f1=0.2503889879320768 nodes=18876
[run] ogbn-products seed=42 ratio=0.0700
