[dataset] loading ogbn-products
[run] ogbn-products seed=42 ratio=0.0700
[mem] pipeline:start rss_gb=5.647 vms_gb=7.130
[mem] pipeline:after_features rss_gb=13.672 vms_gb=15.240
[mem] pipeline:after_demand rss_gb=16.618 vms_gb=18.276
[mem] pipeline:after_signature rss_gb=16.594 vms_gb=18.250
[mem] pipeline:after_prototypes rss_gb=16.666 vms_gb=18.341
[mem] relation_plan:start:product--co_purchase-->product rss_gb=16.667 vms_gb=18.344
[mem] relation_plan:after_skeleton:product--co_purchase-->product rss_gb=16.080 vms_gb=17.807
[mem] relation_plan:after_factorize:product--co_purchase-->product rss_gb=16.081 vms_gb=17.808
[mem] relation_plan:after_assign:product--co_purchase-->product rss_gb=16.081 vms_gb=17.809
[mem] relation_plan:after_reassign:product--co_purchase-->product rss_gb=16.081 vms_gb=17.809
[mem] relation_plan:end:product--co_purchase-->product rss_gb=16.081 vms_gb=17.810
[mem] relation_plan:start:product--co_purchased_by-->product rss_gb=16.081 vms_gb=17.810
[mem] relation_plan:after_skeleton:product--co_purchased_by-->product rss_gb=16.109 vms_gb=17.837
[mem] relation_plan:after_factorize:product--co_purchased_by-->product rss_gb=16.112 vms_gb=17.840
[mem] relation_plan:after_assign:product--co_purchased_by-->product rss_gb=16.073 vms_gb=17.800
[mem] relation_plan:after_reassign:product--co_purchased_by-->product rss_gb=16.077 vms_gb=17.804
[mem] relation_plan:end:product--co_purchased_by-->product rss_gb=16.085 vms_gb=17.813
[mem] pipeline:after_relation_plans rss_gb=16.068 vms_gb=17.796
[mem] pipeline:after_materialize rss_gb=16.068 vms_gb=17.816
[mem] pipeline:after_condense_gc rss_gb=16.066 vms_gb=17.814
[mem] train_infer:start rss_gb=16.066 vms_gb=17.814
[mem] train_infer:after_model rss_gb=16.069 vms_gb=17.825
[mem] train_infer:after_train rss_gb=16.083 vms_gb=17.818
[mem] train_infer:before_original_infer rss_gb=16.092 vms_gb=17.828
[mem] train_infer:after_original_infer rss_gb=16.727 vms_gb=18.437
[done] ogbn-products ratio=0.0700 acc=0.3437834084033966 f1=0.1470915270731487 nodes=20296
[summary] wrote experiments\tables\medium_ratio_sweep_seed42_20260608_diag_tmp_nograd.csv
[summary] wrote experiments\reports\medium_ratio_sweep_seed42_20260608_diag_tmp_nograd.md
[summary] elapsed_s=404.81
